***** External Functions *****
1    AddFontRegistrationToLog                           isrt.obl(Misc.obs)
2    AppSearch                                          isrt.obl(Driver.obs)
3    CCPSearch                                          isrt.obl(Driver.obs)
4    ChangeDirectory                                    isrt.obl(Files.obs)
5    CloseFile                                          isrt.obl(Files.obs)
6    CmdGetHwndDlg                                      isrt.obl(CustomDialog.obs)
7    ComponentAddFileToLog                              isrt.obl(component.obs)
8    ComponentCompareSizeRequired                       isrt.obl(component.obs)
9    ComponentGetData                                   isrt.obl(component.obs)
10   ComponentGetTotalCost                              isrt.obl(component.obs)
11   ComponentIsItemSelected                            isrt.obl(component.obs)
12   ComponentListItems                                 isrt.obl(component.obs)
13   ComponentSelectItem                                isrt.obl(component.obs)
14   ComponentTreeInit                                  isrt.obl(Dialogs.obs)
15   CreateDir                                          isrt.obl(Files.obs)
16   CreateFile                                         isrt.obl(Files.obs)
17   CreateInstallationInfo                             isrt.obl(Registry.obs)
18   CreateRegistrySet                                  isrt.obl(Feature.obs)
19   CtrlGetDlgItem                                     isrt.obl(CustomDialog.obs)
20   CtrlGetNotificationCode                            isrt.obl(CustomDialog.obs)
21   CtrlGetState                                       isrt.obl(CustomDialog.obs)
22   CtrlGetText                                        isrt.obl(CustomDialog.obs)
23   CtrlSelectText                                     isrt.obl(CustomDialog.obs)
24   CtrlSetState                                       isrt.obl(CustomDialog.obs)
25   CtrlSetText                                        isrt.obl(CustomDialog.obs)
26   DIFxDriverPackageUninstall                         isrt.obl(ISDIFx.obs)
27   DRMINSTALLERPRO.DRMInstallPRO                      isrt.obl(Activation.obs)
28   DRMINSTALLERPRO.DRMUnInstallPRO                    isrt.obl(Activation.obs)
29   DefineDialog                                       isrt.obl(CustomDialog.obs)
30   Delay                                              isrt.obl(Misc.obs)
31   DeleteFile                                         isrt.obl(Files.obs)
32   DeleteSingleFile                                   isrt.obl(Files.obs)
33   DialogSetDefaultFont                               isrt.obl(Dialogs.obs)
34   DialogSetFont                                      isrt.obl(Dialogs.obs)
35   DialogSetInfo                                      isrt.obl(Dialogs.obs)
36   Disable                                            isrt.obl(Enable.obs)
37   DllSizeOf                                          isrt.obl(Str.obs)
38   Do                                                 isrt.obl(Misc.obs)
39   Enable                                             isrt.obl(Enable.obs)
40   EndCurrentDialog                                   isrt.obl(Dialogs.obs)
41   EndDialog                                          isrt.obl(CustomDialog.obs)
42   EnterDisk                                          isrt.obl(ISRTScriptDialogs.obs)
43   EnterDiskError                                     isrt.obl(ISRTScriptDialogs.obs)
44   EnterPassword                                      isrt.obl(ISRTScriptDialogs.obs)
45   ExistsDir                                          isrt.obl(Files.obs)
46   ExistsDisk                                         isrt.obl(Files.obs)
47   ExitInstall                                        isrt.obl(Driver.obs)
48   EzDefineDialog                                     isrt.obl(CustomDialog.obs)
49   FeatureAddFileToLog                                isrt.obl(Feature.obs)
50   FeatureCompareSizeRequired                         isrt.obl(Feature.obs)
51   FeatureConfigureFeaturesFromSuite                  isrt.obl(Feature.obs)
52   FeatureErrorInfo                                   isrt.obl(Feature.obs)
53   FeatureFilterLanguage                              isrt.obl(Feature.obs)
54   FeatureFilterOS                                    isrt.obl(Feature.obs)
55   FeatureGetData                                     isrt.obl(Feature.obs)
56   FeatureGetTotalCost                                isrt.obl(Feature.obs)
57   FeatureIsItemSelected                              isrt.obl(Feature.obs)
58   FeatureListItems                                   isrt.obl(Feature.obs)
59   FeaturePatch                                       isrt.obl(Feature.obs)
60   FeatureReinstall                                   isrt.obl(Feature.obs)
61   FeatureRemoveAllInLogOnly                          isrt.obl(Feature.obs)
62   FeatureRemoveAllInMedia                            isrt.obl(Feature.obs)
63   FeatureRemoveAllInMediaAndLog                      isrt.obl(Feature.obs)
64   FeatureSaveTarget                                  isrt.obl(Feature.obs)
65   FeatureSelectItem                                  isrt.obl(Feature.obs)
66   FeatureSelectNew                                   isrt.obl(Feature.obs)
67   FeatureTransferData                                isrt.obl(Feature.obs)
68   FeatureUpdate                                      isrt.obl(Feature.obs)
69   FeatureValidate                                    isrt.obl(Feature.obs)
70   FinalConstruct                                     ifx.obl(EventsPriv.obs)
71   FinalRelease                                       ifx.obl(EventsPriv.obs)
72   FindFile                                           isrt.obl(Files.obs)
73   FormatMessage                                      isrt.obl(Misc.obs)
74   GDI32.AddFontResource                              Setup.obs
75   GDI32.CreateRectRgn                                Setup.obs
76   GDI32.GetDeviceCaps                                Setup.obs
77   GDI32.RemoveFontResource                           Setup.obs
78   GetAddRemove                                       isrt.obl(SysVars.obs)
79   GetBillboard                                       isrt.obl(SysVars.obs)
80   GetCmdLine                                         isrt.obl(SysVars.obs)
81   GetCurrentDialogName                               isrt.obl(Dialogs.obs)
82   GetCurrentDir                                      isrt.obl(Files.obs)
83   GetDialogTitle                                     isrt.obl(Dialogs.obs)
84   GetDir                                             isrt.obl(Str.obs)
85   GetDisk                                            isrt.obl(Str.obs)
86   GetDiskSpace                                       isrt.obl(GSI.obs)
87   GetDiskSpaceEx                                     isrt.obl(GSI.obs)
88   GetEnabledIServices                                isrt.obl(SysVars.obs)
89   GetErrorMsg                                        isrt.obl(Dialogs.obs)
90   GetErrorTitle                                      isrt.obl(Dialogs.obs)
91   GetExtents                                         isrt.obl(GSI.obs)
92   GetFolderApplications                              isrt.obl(SysVars.obs)
93   GetFolderApplications64                            isrt.obl(SysVars.obs)
94   GetFolderDotNet10                                  isrt.obl(SysVars.obs)
95   GetFolderDotNet11                                  isrt.obl(SysVars.obs)
96   GetFolderDotNet20                                  isrt.obl(SysVars.obs)
97   GetFolderFonts                                     isrt.obl(SysVars.obs)
98   GetISRes                                           isrt.obl(SysVars.obs)
99   GetInstallScriptMSI                                isrt.obl(SysVars.obs)
100  GetInstanceGUID                                    isrt.obl(SysVars.obs)
101  GetKeyPathWinCurrVerAuto                           isrt.obl(SysVars.obs)
102  GetLog                                             isrt.obl(SysVars.obs)
103  GetLogEx                                           isrt.obl(SysVars.obs)
104  GetMaintOption                                     isrt.obl(SysVars.obs)
105  GetMaintenance                                     isrt.obl(SysVars.obs)
106  GetMultiInstanceCount                              isrt.obl(SysVars.obs)
107  GetOpenFileMode                                    isrt.obl(Files.obs)
108  GetPackageLocation                                 isrt.obl(SysVars.obs)
109  GetProductGUID                                     isrt.obl(SysVars.obs)
110  GetProfSectionKeyCount                             isrt.obl(Profile.obs)
111  GetProfString                                      isrt.obl(Profile.obs)
112  GetProfStringList                                  isrt.obl(Profile.obs)
113  GetProgramFiles                                    isrt.obl(SysVars.obs)
114  GetReinstallMode                                   isrt.obl(SysVars.obs)
115  GetRemoveAllMode                                   isrt.obl(SysVars.obs)
116  GetRemoveOnly                                      isrt.obl(SysVars.obs)
117  GetSelectedTreeComponent                           isrt.obl(CmptView.obs)
118  GetShowPasswordDialog                              isrt.obl(SysVars.obs)
119  GetStandardSelectedLanguage                        isrt.obl(SysVars.obs)
120  GetSuiteHosted                                     isrt.obl(SysVars.obs)
121  GetSupportDir                                      isrt.obl(SysVars.obs)
122  GetSystemInfo                                      isrt.obl(GSI.obs)
123  GetTempFolder                                      isrt.obl(SysVars.obs)
124  GetTrueTypeFontFileInfo                            isrt.obl(Misc.obs)
125  GetUserSelectableAuto                              isrt.obl(SysVars.obs)
126  GetWinDir                                          isrt.obl(SysVars.obs)
127  GetWinSysDir                                       isrt.obl(SysVars.obs)
128  GetWindowHandle                                    isrt.obl(Misc.obs)
129  HIWORD                                             isrt.obl(Misc.obs)
130  ISDeterminePlatform                                isrt.obl(OsInfo.obs)
131  ISMIF32.InstallStatusMIF                           isrt.obl(MIF.obs)
132  ISRT.ComponentViewSetInfoEx                        isrt.obl(Dialogs.obs)
133  ISRT.EnableHourGlass                               isrt.obl(Enable.obs)
134  ISRT.GetCPUType                                    isrt.obl(GSI.obs)
135  ISRT.GetFontSub                                    isrt.obl(Dialogs.obs)
136  ISRT.GetHandle                                     Setup.obs
137  ISRT.GetPorts                                      isrt.obl(GSI.obs)
138  ISRT.IsEmpty                                       Setup.obs
139  ISRT.IsNTAdmin                                     isrt.obl(Is.obs)
140  ISRT.IsObject                                      Setup.obs
141  ISRT.IsPowerUser                                   isrt.obl(Is.obs)
142  ISRT.LangLoadString                                isrt.obl(SDINT.obs)
143  ISRT.MessageBeepP                                  Setup.obs
144  ISRT.PathCompactPathPixel                          isrt.obl(CustomDialog.obs)
145  ISRT.PathGetDir                                    isrt.obl(Str.obs)
146  ISRT.PathGetDrive                                  isrt.obl(Str.obs)
147  ISRT.PathGetFile                                   isrt.obl(Files.obs)
148  ISRT.PathGetFileExt                                isrt.obl(Str.obs)
149  ISRT.PathGetFileName                               isrt.obl(Str.obs)
150  ISRT.PathGetLongFromShort                          isrt.obl(Str.obs)
151  ISRT.PathGetPath                                   isrt.obl(Str.obs)
152  ISRT.PathIsValidSyntax                             isrt.obl(Is.obs)
153  ISRT.VerGetFileVersion                             Setup.obs
154  ISRT._AppSearch                                    Setup.obs
155  ISRT._BrowseForFolder                              isrt.obl(ISRTScriptDialogsPriv.obs)
156  ISRT._CCPSearch                                    Setup.obs
157  ISRT._CleanupInet                                  isrt.obl(MIO.obs)
158  ISRT._CloseFile                                    isrt.obl(Files.obs)
159  ISRT._CmdGetHwndDlg                                isrt.obl(CustomDialog.obs)
160  ISRT._CompareDWORD                                 isrt.obl(Extend.obs)
161  ISRT._ComponentCompareSizeRequired                 isrt.obl(Feature.obs)
162  ISRT._ComponentErrorInfo                           isrt.obl(Feature.obs)
163  ISRT._ComponentFilterLanguage                      isrt.obl(Feature.obs)
164  ISRT._ComponentFilterOS                            isrt.obl(Feature.obs)
165  ISRT._ComponentGetData                             isrt.obl(Feature.obs)
166  ISRT._ComponentGetTotalCost                        isrt.obl(Feature.obs)
167  ISRT._ComponentGetTotalCostEx                      Setup.obs
168  ISRT._ComponentIsItemSelected                      isrt.obl(Feature.obs)
169  ISRT._ComponentListItems                           isrt.obl(Feature.obs)
170  ISRT._ComponentPatch                               isrt.obl(Feature.obs)
171  ISRT._ComponentReinstall                           isrt.obl(Feature.obs)
172  ISRT._ComponentRemoveAll                           isrt.obl(Feature.obs)
173  ISRT._ComponentRemoveAllInLogOnly                  isrt.obl(Feature.obs)
174  ISRT._ComponentSaveTarget                          isrt.obl(Feature.obs)
175  ISRT._ComponentSelectItem                          isrt.obl(Feature.obs)
176  ISRT._ComponentSelectNew                           isrt.obl(Feature.obs)
177  ISRT._ComponentTransferData                        isrt.obl(Feature.obs)
178  ISRT._ComponentUpdate                              isrt.obl(Feature.obs)
179  ISRT._ComponentValidate                            isrt.obl(Feature.obs)
180  ISRT._CreateDir                                    isrt.obl(Files.obs)
181  ISRT._CreateRegistrySet                            isrt.obl(Feature.obs)
182  ISRT._CtrlGetNotificationCode                      isrt.obl(CustomDialog.obs)
183  ISRT._CtrlSetHtmlContent                           isrt.obl(CustomDialog.obs)
184  ISRT._DIFxDriverPackageUninstall                   isrt.obl(ISDIFx.obs)
185  ISRT._DefineDialog                                 isrt.obl(CustomDialog.obs)
186  ISRT._DialogSetFont                                isrt.obl(Dialogs.obs)
187  ISRT._DisableStatus                                isrt.obl(Enable.obs)
188  ISRT._DoSprintf                                    isrt.obl(ISRTScriptDialogsPriv.obs)
189  ISRT._EnableDialogCache                            isrt.obl(Enable.obs)
190  ISRT._EnablePrevDialog                             Setup.obs
191  ISRT._EnableSkins                                  isrt.obl(Enable.obs)
192  ISRT._EnableStatus                                 isrt.obl(Enable.obs)
193  ISRT._EnableWow64FsRedirection                     isrt.obl(Enable.obs)
194  ISRT._EndDialog                                    isrt.obl(CustomDialog.obs)
195  ISRT._ExistsDir                                    isrt.obl(Files.obs)
196  ISRT._ExistsDisk                                   isrt.obl(Files.obs)
197  ISRT._ExistsFile                                   isrt.obl(Files.obs)
198  ISRT._ExitInstall                                  Setup.obs
199  ISRT._GetCurrentDialogName                         isrt.obl(Dialogs.obs)
200  ISRT._GetDiskSpaceEx                               isrt.obl(GSI.obs)
201  ISRT._GetDiskSpaceExEx                             Setup.obs
202  ISRT._GetGlobalFlags                               ifx.obl(EventsPriv.obs)
203  ISRT._GetGlobalMemorySize                          isrt.obl(GSI.obs)
204  ISRT._GetProcessorInfo                             isrt.obl(OsInfo.obs)
205  ISRT._GetRunningChildProcessEx2                    isrt.obl(Extend.obs)
206  ISRT._GetSelectedTreeComponent                     isrt.obl(CmptView.obs)
207  ISRT._GetStandardLangId                            isrt.obl(Misc.obs)
208  ISRT._GetSupportDir                                isrt.obl(SysVars.obs)
209  ISRT._GetSystemDpi                                 isrt.obl(GSI.obs)
210  ISRT._GetTrueTypeFontFileInfo                      isrt.obl(Misc.obs)
211  ISRT._GetVirtualMachineType                        isrt.obl(GSI.obs)
212  ISRT._InetEndofTransfer                            isrt.obl(iftw.obs)
213  ISRT._InetGetNextDisk                              isrt.obl(iftw.obs)
214  ISRT._InitInstall                                  Setup.obs
215  ISRT._IsFontTypefaceNameAvailable                  isrt.obl(Is.obs)
216  ISRT._IsInAdminGroup                               isrt.obl(Is.obs)
217  ISRT._IsLangSupported                              isrt.obl(Is.obs)
218  ISRT._IsSkinLoaded                                 isrt.obl(Is.obs)
219  ISRT._IsVirtualMachine                             isrt.obl(OsInfo.obs)
220  ISRT._IsWindowsME                                  isrt.obl(GSI.obs)
221  ISRT._IsWow64                                      isrt.obl(OsInfo.obs)
222  ISRT._ListAddItem                                  isrt.obl(scrlist.obs)
223  ISRT._ListAddString                                isrt.obl(scrlist.obs)
224  ISRT._ListCount                                    isrt.obl(scrlist.obs)
225  ISRT._ListCreate                                   isrt.obl(scrlist.obs)
226  ISRT._ListCurrentString                            isrt.obl(scrlist.obs)
227  ISRT._ListDeleteItem                               isrt.obl(scrlist.obs)
228  ISRT._ListDeleteString                             isrt.obl(scrlist.obs)
229  ISRT._ListDestroy                                  isrt.obl(scrlist.obs)
230  ISRT._ListFindString                               isrt.obl(scrlist.obs)
231  ISRT._ListGetFirstItem                             isrt.obl(scrlist.obs)
232  ISRT._ListGetFirstString                           isrt.obl(scrlist.obs)
233  ISRT._ListGetNextItem                              isrt.obl(scrlist.obs)
234  ISRT._ListGetNextString                            isrt.obl(scrlist.obs)
235  ISRT._ListGetType                                  isrt.obl(scrlist.obs)
236  ISRT._ListSetIndex                                 isrt.obl(scrlist.obs)
237  ISRT._MediaGetFilteringInfo                        isrt.obl(Feature.obs)
238  ISRT._MediaGetInfo                                 isrt.obl(Feature.obs)
239  ISRT._OnUninstPriv                                 Setup.obs
240  ISRT._OpenFile                                     isrt.obl(Files.obs)
241  ISRT._Preprogram                                   Setup.obs
242  ISRT._Rebooted                                     Setup.obs
243  ISRT._RegCreateKey                                 isrt.obl(Registry.obs)
244  ISRT._RegDeleteKey                                 isrt.obl(Registry.obs)
245  ISRT._RegDeleteValue                               isrt.obl(Registry.obs)
246  ISRT._RegEnableTextSubs                            isrt.obl(Enable.obs)
247  ISRT._RegEnum                                      isrt.obl(Registry.obs)
248  ISRT._RegGetOptions                                isrt.obl(SysVars.obs)
249  ISRT._RegIsRemoteRegConnected                      isrt.obl(Is.obs)
250  ISRT._RegQueryKeyBinaryValue                       isrt.obl(Registry.obs)
251  ISRT._RegQueryKeyValue                             isrt.obl(Registry.obs)
252  ISRT._RegSetKeyBinaryValue                         isrt.obl(Registry.obs)
253  ISRT._RegSetKeyValue                               isrt.obl(Registry.obs)
254  ISRT._RegSetOptions                                isrt.obl(SysVars.obs)
255  ISRT._ReleaseDialog                                isrt.obl(CustomDialog.obs)
256  ISRT._SdShowMsg                                    isrt.obl(ISRTScriptDialogsPriv.obs)
257  ISRT._SetAltMainImage                              isrt.obl(Dialogs.obs)
258  ISRT._SetDisplayEffect                             isrt.obl(ui.obs)
259  ISRT._SetGlobalFlags                               ifx.obl(EventsPriv.obs)
260  ISRT._SetPaletteFile                               isrt.obl(MIO.obs)
261  ISRT._SetSilentSdShowMsg                           isrt.obl(Enable.obs)
262  ISRT._SetTitle                                     isrt.obl(ui.obs)
263  ISRT._SetupInet                                    isrt.obl(MIO.obs)
264  ISRT._SetupTraceWrite                              isrt.obl(Misc.obs)
265  ISRT._ShowObjWizardPages                           isrt.obl(Objects.obs)
266  ISRT._ShowWizardPages                              Setup.obs
267  ISRT._StatusUpdate                                 isrt.obl(ui.obs)
268  ISRT._TreeViewCreate                               isrt.obl(CmptView.obs)
269  ISRT._WaitOnDialog                                 isrt.obl(CustomDialog.obs)
270  ISRT._WriteLine                                    isrt.obl(Files.obs)
271  ISRT.__CreateObjectContext                         isrt.obl(ISRTInit.obs)
272  ISRT.__GetCmdLineOptions                           isrt.obl(ISRTInit.obs)
273  ISRT.__GetContextGUID                              isrt.obl(ISRTInit.obs)
274  ISRT.__GetEnabledIServices                         isrt.obl(SysVars.obs)
275  ISRT.__GetFileRegistrar                            isrt.obl(ISRTInit.obs)
276  ISRT.__GetInfo                                     isrt.obl(ISRTInit.obs)
277  ISRT.__GetInstallGuid                              isrt.obl(SysVars.obs)
278  ISRT.__GetLog                                      isrt.obl(SysVars.obs)
279  ISRT.__GetLogDB                                    isrt.obl(ISRTInit.obs)
280  ISRT.__GetLogEx                                    isrt.obl(SysVars.obs)
281  ISRT.__GetMainWindow                               Setup.obs
282  ISRT.__GetMaintOption                              isrt.obl(SysVars.obs)
283  ISRT.__GetMaintenanceMode                          isrt.obl(SysVars.obs)
284  ISRT.__GetObjects                                  isrt.obl(ISRTInit.obs)
285  ISRT.__GetProductGuid                              isrt.obl(SysVars.obs)
286  ISRT.__GetProgress                                 Setup.obs
287  ISRT.__GetReboot                                   isrt.obl(ISRTInit.obs)
288  ISRT.__GetReinstallMode                            isrt.obl(SysVars.obs)
289  ISRT.__GetRemoveAllMode                            isrt.obl(SysVars.obs)
290  ISRT.__GetTextSub                                  isrt.obl(ISRTInit.obs)
291  ISRT.__GetUpdateMode                               isrt.obl(SysVars.obs)
292  ISRT.__GetUser                                     isrt.obl(MIO.obs)
293  ISRT.__ISRTGetPropertyBag                          ifx.obl(PersistPropertyBag.obs)
294  ISRT.__ISRTReleasePropertyBag                      ifx.obl(PersistPropertyBag.obs)
295  ISRT.__LoadString                                  isrt.obl(LoadStr.obs)
296  ISRT.__PutEnabledIServices                         isrt.obl(Enable.obs)
297  ISRT.__ReleaseObjectContext                        isrt.obl(ISRTInit.obs)
298  ISRT.__RestoreMainLog                              isrt.obl(ISRTInit.obs)
299  ISRT.__RestoreMainLogEx                            isrt.obl(ISRTInit.obs)
300  ISRT.__SetComponentLog                             isrt.obl(ISRTInit.obs)
301  ISRT.__SetUpdateMode                               isrt.obl(SysVars.obs)
302  ISRTHandleScriptException                          isrt.obl(Misc.obs)
303  ISRTOnUninstPriv                                   isrt.obl(Driver.obs)
304  ISRTPreprogram                                     isrt.obl(Driver.obs)
305  IfxFilterComponents                                ifx.obl(EventsSetupPriv.obs)
306  IfxFinalConstruct                                  ifx.obl(EventsSetupPriv.obs)
307  IfxFinalRelease                                    ifx.obl(EventsSetupPriv.obs)
308  IfxInitProperties                                  ifx.obl(PersistPropertyBag.obs)
309  IfxOnAbortInstall                                  ifx.obl(EventsPriv.obs)
310  IfxOnAppSearch                                     ifx.obl(EventsPriv.obs)
311  IfxOnCCPSearch                                     ifx.obl(EventsPriv.obs)
312  IfxOnCanceling                                     ifx.obl(EventsPriv.obs)
313  IfxOnDisk1Installed                                ifx.obl(EventsSetupPriv.obs)
314  IfxOnDisk1Installing                               ifx.obl(EventsSetupPriv.obs)
315  IfxOnExitInstall                                   ifx.obl(EventsSetupPriv.obs)
316  IfxOnFileError                                     ifx.obl(EventsSetupPriv.obs)
317  IfxOnFileLocked                                    ifx.obl(EventsSetupPriv.obs)
318  IfxOnFileReadOnly                                  ifx.obl(EventsSetupPriv.obs)
319  IfxOnGeneralScriptOp                               ifx.obl(EventsPriv.obs)
320  IfxOnHelp                                          ifx.obl(EventsPriv.obs)
321  IfxOnInitInstall                                   ifx.obl(EventsSetupPriv.obs)
322  IfxOnInternetError                                 ifx.obl(EventsSetupPriv.obs)
323  IfxOnMD5Error                                      ifx.obl(EventsSetupPriv.obs)
324  IfxOnNextDisk                                      ifx.obl(EventsSetupPriv.obs)
325  IfxOnRebooted                                      ifx.obl(EventsPriv.obs)
326  IfxOnRemovingSharedFile                            ifx.obl(EventsSetupPriv.obs)
327  IfxOnShowWizardPages                               ifx.obl(EventsSetupPriv.obs)
328  IfxOnTransferred                                   ifx.obl(EventsPriv.obs)
329  IfxOnTransferring                                  ifx.obl(EventsSetupPriv.obs)
330  IfxOnUnhandledException                            ifx.obl(EventsPriv.obs)
331  IfxOnUninst                                        ifx.obl(EventsSetupPriv.obs)
332  IfxOnUninstPriv                                    ifx.obl(EventsSetupPriv.obs)
333  IfxPostprogram                                     ifx.obl(EventsSetupPriv.obs)
334  IfxPreprogram                                      ifx.obl(EventsSetupPriv.obs)
335  IfxReadProperties                                  ifx.obl(PersistPropertyBag.obs)
336  IfxRunAfterReboot                                  ifx.obl(EventsSetupPriv.obs)
337  IfxWriteProperties                                 ifx.obl(PersistPropertyBag.obs)
338  InetEndofTransfer                                  isrt.obl(iftw.obs)
339  InetNextDisk                                       isrt.obl(iftw.obs)
340  InitInstall                                        isrt.obl(Driver.obs)
341  InitProperties                                     ifx.obl(PersistPropertyBag.obs)
342  Is                                                 isrt.obl(Is.obs)
343  IsInetInstall                                      isrt.obl(iftw.obs)
344  KERNEL.GetModuleHandle                             Setup.obs
345  KERNEL32.CloseHandle                               Setup.obs
346  KERNEL32.CreateFileW                               Setup.obs
347  KERNEL32.CreateProcess                             Setup.obs
348  KERNEL32.DeleteFileW                               Setup.obs
349  KERNEL32.FindClose                                 Setup.obs
350  KERNEL32.FindFirstFileW                            Setup.obs
351  KERNEL32.FindNextFileW                             Setup.obs
352  KERNEL32.FormatMessageW                            Setup.obs
353  KERNEL32.FreeLibrary                               Setup.obs
354  KERNEL32.GetCurrentDirectoryW                      Setup.obs
355  KERNEL32.GetDriveType                              Setup.obs
356  KERNEL32.GetExitCodeProcess                        Setup.obs
357  KERNEL32.GetFileAttributesW                        Setup.obs
358  KERNEL32.GetLocalTime                              Setup.obs
359  KERNEL32.GetLocaleInfo                             Setup.obs
360  KERNEL32.GetPrivateProfileSectionW                 Setup.obs
361  KERNEL32.GetPrivateProfileString                   Setup.obs
362  KERNEL32.GetPrivateProfileStringW                  Setup.obs
363  KERNEL32.GetProcAddress                            Setup.obs
364  KERNEL32.GetProcessId                              Setup.obs
365  KERNEL32.GetProfileStringW                         Setup.obs
366  KERNEL32.GetSystemDefaultLCID                      Setup.obs
367  KERNEL32.GetSystemDefaultLangID                    Setup.obs
368  KERNEL32.GetSystemDefaultUILanguage                Setup.obs
369  KERNEL32.GetTickCount                              Setup.obs
370  KERNEL32.GetUserDefaultLangID                      Setup.obs
371  KERNEL32.GetVersion                                Setup.obs
372  KERNEL32.GetVersionEx                              Setup.obs
373  KERNEL32.GetVolumeInformation                      Setup.obs
374  KERNEL32.GetWindowsDirectory                       Setup.obs
375  KERNEL32.LoadLibraryW                              Setup.obs
376  KERNEL32.SetCurrentDirectoryW                      Setup.obs
377  KERNEL32.SetFileAttributesW                        Setup.obs
378  KERNEL32.Sleep                                     Setup.obs
379  KERNEL32.WritePrivateProfileString                 Setup.obs
380  KERNEL32.WritePrivateProfileStringW                Setup.obs
381  KERNEL32.WriteProfileStringW                       Setup.obs
382  KERNEL32.lstrlenW                                  Setup.obs
383  LOWORD                                             isrt.obl(Misc.obs)
384  LaunchApp                                          isrt.obl(Extend.obs)
385  LaunchAppAndWait                                   isrt.obl(Extend.obs)
386  LaunchAppAndWaitInitStartupInfo                    isrt.obl(Extend.obs)
387  LaunchApplication                                  isrt.obl(Extend.obs)
388  LaunchApplicationInit                              isrt.obl(Extend.obs)
389  ListAddItem                                        isrt.obl(scrlist.obs)
390  ListAddString                                      isrt.obl(scrlist.obs)
391  ListCount                                          isrt.obl(scrlist.obs)
392  ListCreate                                         isrt.obl(scrlist.obs)
393  ListCurrentString                                  isrt.obl(scrlist.obs)
394  ListDeleteItem                                     isrt.obl(scrlist.obs)
395  ListDeleteString                                   isrt.obl(scrlist.obs)
396  ListDestroy                                        isrt.obl(scrlist.obs)
397  ListFindString                                     isrt.obl(scrlist.obs)
398  ListGetFirstItem                                   isrt.obl(scrlist.obs)
399  ListGetFirstString                                 isrt.obl(scrlist.obs)
400  ListGetNextItem                                    isrt.obl(scrlist.obs)
401  ListGetNextString                                  isrt.obl(scrlist.obs)
402  ListGetType                                        isrt.obl(scrlist.obs)
403  ListSetIndex                                       isrt.obl(scrlist.obs)
404  ListValid                                          isrt.obl(scrlist.obs)
405  ListValidType                                      isrt.obl(scrlist.obs)
406  LoadStringFromStringTable                          isrt.obl(Str.obs)
407  LogReadCustomString                                isrt.obl(Misc.obs)
408  LogReadCustomVariant                               isrt.obl(Misc.obs)
409  LogWriteCustomString                               isrt.obl(Misc.obs)
410  LogWriteCustomVariant                              isrt.obl(Misc.obs)
411  LongPathFromShortPath                              isrt.obl(Str.obs)
412  LongPathToQuote                                    isrt.obl(Str.obs)
413  MAKELONG                                           isrt.obl(Misc.obs)
414  MIFCreateMIFFile                                   isrt.obl(MIF.obs)
415  MIFDeleteMIFFile                                   isrt.obl(MIF.obs)
416  MIFInitialize                                      isrt.obl(MIF.obs)
417  MIFSetInformation                                  isrt.obl(MIF.obs)
418  MIFUnInitialize                                    isrt.obl(MIF.obs)
419  MIFWasSetInformationCalled                         isrt.obl(MIF.obs)
420  MIOShutdown                                        isrt.obl(MIO.obs)
421  MIOStartup                                         isrt.obl(MIO.obs)
422  MaintenanceStart                                   isrt.obl(Registry.obs)
423  MediaGetData                                       isrt.obl(Feature.obs)
424  MediaGetDataEx                                     isrt.obl(Feature.obs)
425  MessageBeep                                        isrt.obl(Misc.obs)
426  MessageBox                                         isrt.obl(ISRTScriptDialogsPriv.obs)
427  MessageBoxEx                                       isrt.obl(ISRTScriptDialogsPriv.obs)
428  OnAbort                                            ifx.obl(EventsSetup.obs)
429  OnAppSearch                                        ifx.obl(EventsSetup.obs)
430  OnBegin                                            ifx.obl(EventsSetup.obs)
431  OnCCPSearch                                        ifx.obl(EventsSetup.obs)
432  OnCanceling                                        ifx.obl(EventsSetup.obs)
433  OnCheckMediaPassword                               ifx.obl(EventsSetup.obs)
434  OnComponentError                                   ifx.obl(EventsSetup.obs)
435  OnCustomizeUninstInfo                              ifx.obl(EventsSetup.obs)
436  OnDIFxLogCallback                                  ifx.obl(EventsSetup.obs)
437  OnDIFxLogCallbackImpl                              isrt.obl(ISDIFx.obs)
438  OnEnd                                              ifx.obl(EventsSetup.obs)
439  OnFileError                                        ifx.obl(EventsSetup.obs)
440  OnFileLocked                                       ifx.obl(EventsSetup.obs)
441  OnFileReadOnly                                     ifx.obl(EventsSetup.obs)
442  OnFilterComponents                                 ifx.obl(EventsSetup.obs)
443  OnFirstUIAfter                                     Setup.obs
444  OnFirstUIBefore                                    Setup.obs
445  OnHelp                                             ifx.obl(EventsSetup.obs)
446  OnIISAppPoolUninstalling                           ifx.obl(EventsPriv.obs)
447  OnIISCheckRequirements                             ifx.obl(EventsPriv.obs)
448  OnIISComponentInstalled                            ifx.obl(EventsPriv.obs)
449  OnIISInitialize                                    ifx.obl(EventsPriv.obs)
450  OnIISUninitialize                                  ifx.obl(EventsPriv.obs)
451  OnIISVRootUninstalling                             ifx.obl(EventsPriv.obs)
452  OnIISWebServiceExtensionUninstalling               ifx.obl(EventsPriv.obs)
453  OnIISWebSiteUninstalling                           ifx.obl(EventsPriv.obs)
454  OnInstallDRMService                                isrt.obl(Activation.obs)
455  OnInstalledFile                                    ifx.obl(EventsSetup.obs)
456  OnInstalledFontFile                                ifx.obl(EventsSetup.obs)
457  OnInstallingFile                                   ifx.obl(EventsSetup.obs)
458  OnInternetError                                    ifx.obl(EventsSetup.obs)
459  OnLaunchAppAndWaitCallback                         ifx.obl(EventsSetup.obs)
460  OnMD5Error                                         ifx.obl(EventsSetup.obs)
461  OnMaintUIAfter                                     Setup.obs
462  OnMaintUIBefore                                    ifx.obl(EventsSetup.obs)
463  OnMoveData                                         ifx.obl(EventsSetup.obs)
464  OnMoved                                            ifx.obl(EventsSetup.obs)
465  OnMoving                                           ifx.obl(EventsSetup.obs)
466  OnNetApiCreateUserAccount                          ifx.obl(EventsSetup.obs)
467  OnNetApiCreateUserAccountInternal                  isrt.obl(NetApiRT.obs)
468  OnNextDisk                                         ifx.obl(EventsSetup.obs)
469  OnRebooted                                         ifx.obl(EventsSetup.obs)
470  OnRemovingSharedFile                               ifx.obl(EventsSetup.obs)
471  OnSQLBatchScripts                                  ifx.obl(EventsPriv.obs)
472  OnSQLComponentInstalled                            ifx.obl(EventsPriv.obs)
473  OnSQLComponentUninstalled                          ifx.obl(EventsPriv.obs)
474  OnSQLServerInitialize                              ifx.obl(EventsPriv.obs)
475  OnSQLServerInitializeMaint                         ifx.obl(EventsPriv.obs)
476  OnSelfRegistrationError                            ifx.obl(EventsSetup.obs)
477  OnSetTARGETDIR                                     ifx.obl(EventsSetup.obs)
478  OnSetUpdateMode                                    ifx.obl(EventsSetup.obs)
479  OnShowUI                                           ifx.obl(EventsSetup.obs)
480  OnSuiteInstallAfter                                ifx.obl(EventsSetup.obs)
481  OnSuiteInstallBefore                               ifx.obl(EventsSetup.obs)
482  OnSuiteMaintAfter                                  ifx.obl(EventsSetup.obs)
483  OnSuiteMaintBefore                                 ifx.obl(EventsSetup.obs)
484  OnSuiteShowUI                                      ifx.obl(EventsSetup.obs)
485  OnSuiteUpdateAfter                                 ifx.obl(EventsSetup.obs)
486  OnSuiteUpdateBefore                                ifx.obl(EventsSetup.obs)
487  OnUnInstallDRMService                              isrt.obl(Activation.obs)
488  OnUnhandledException                               ifx.obl(EventsPriv.obs)
489  OnUninstall                                        ifx.obl(EventsSetup.obs)
490  OnUninstalledFile                                  ifx.obl(EventsSetup.obs)
491  OnUninstallingDIFxDriverFile                       ifx.obl(EventsSetup.obs)
492  OnUninstallingFile                                 ifx.obl(EventsSetup.obs)
493  OnUninstallingFontFile                             ifx.obl(EventsSetup.obs)
494  OnUpdateUIAfter                                    ifx.obl(EventsSetup.obs)
495  OnUpdateUIBefore                                   ifx.obl(EventsSetup.obs)
496  OnXMLComponentInstalled                            ifx.obl(EventsPriv.obs)
497  OnXMLComponentUninstalling                         ifx.obl(EventsPriv.obs)
498  OnXMLInitialize                                    ifx.obl(EventsPriv.obs)
499  OnXMLUninitialize                                  ifx.obl(EventsPriv.obs)
500  OpenFileMode                                       isrt.obl(Files.obs)
501  ParsePath                                          isrt.obl(Str.obs)
502  Postprogram                                        ifx.obl(EventsSetupPriv.obs)
503  Preprogram                                         ifx.obl(EventsSetupPriv.obs)
504  PthFixPath                                         isrt.obl(Pth.obs)
505  PthIsAbsPath                                       isrt.obl(Pth.obs)
506  ReadProperties                                     ifx.obl(PersistPropertyBag.obs)
507  Rebooted                                           isrt.obl(Driver.obs)
508  RegDBDeleteItem                                    isrt.obl(Registry.obs)
509  RegDBDeleteKey                                     isrt.obl(Registry.obs)
510  RegDBDeleteValue                                   isrt.obl(Registry.obs)
511  RegDBDeleteValueEx                                 isrt.obl(Registry.obs)
512  RegDBDeleteValueEx32                               isrt.obl(Registry.obs)
513  RegDBGetDefaultRoot                                isrt.obl(SysVars.obs)
514  RegDBGetItem                                       isrt.obl(Registry.obs)
515  RegDBGetKeyValueEx                                 isrt.obl(Registry.obs)
516  RegDBQueryKey                                      isrt.obl(Registry.obs)
517  RegDBQueryKeyCount                                 isrt.obl(Registry.obs)
518  RegDBQueryStringMultiStringCount                   isrt.obl(Registry.obs)
519  RegDBQueryValue                                    isrt.obl(Registry.obs)
520  RegDBQueryValue32                                  isrt.obl(Registry.obs)
521  RegDBSetDefaultRoot                                isrt.obl(SysVars.obs)
522  RegDBSetItem                                       isrt.obl(Registry.obs)
523  RegDBSetKeyValueEx                                 isrt.obl(Registry.obs)
524  RegDBSetValue                                      isrt.obl(Registry.obs)
525  RegDBSetValue32                                    isrt.obl(Registry.obs)
526  RegDBSetVersion                                    isrt.obl(Registry.obs)
527  RegisterFontResource                               isrt.obl(Misc.obs)
528  ReleaseDialog                                      isrt.obl(CustomDialog.obs)
529  SdCloseDlg                                         isrt.obl(SDINT.obs)
530  SdComponentDlgCheckSpace                           isrt.obl(SDINT.obs)
531  SdDlgToTop                                         isrt.obl(SDINT.obs)
532  SdDoStdButton                                      isrt.obl(SDINT.obs)
533  SdEnablement                                       isrt.obl(SDINT.obs)
534  SdError                                            isrt.obl(SDINT.obs)
535  SdExceptionsInit                                   isrt.obl(ISRTScriptDialogsPriv.obs)
536  SdFeatureTree                                      isrt.obl(ISRTScriptDialogs.obs)
537  SdFinish                                           isrt.obl(ISRTScriptDialogs.obs)
538  SdFinishReboot                                     isrt.obl(ISRTScriptDialogs.obs)
539  SdGeneralInit                                      isrt.obl(SDINT.obs)
540  SdInit                                             isrt.obl(SDINT.obs)
541  SdIsStdButton                                      isrt.obl(SDINT.obs)
542  SdLoadString                                       isrt.obl(SDINT.obs)
543  SdMakeName                                         isrt.obl(SDINT.obs)
544  SdPlugInProductName                                isrt.obl(SDINT.obs)
545  SdSetDlgTitle                                      isrt.obl(SDINT.obs)
546  SdSetStatic                                        isrt.obl(SDINT.obs)
547  SdShowMsg                                          isrt.obl(ISRTScriptDialogsPriv.obs)
548  SdStartCopy2                                       isrt.obl(ISRTScriptDialogs.obs)
549  SdSubstituteProductInfo                            isrt.obl(SDINT.obs)
550  SdUnInit                                           isrt.obl(SDINT.obs)
551  SdWelcome                                          isrt.obl(ISRTScriptDialogs.obs)
552  SdWelcomeMaint                                     isrt.obl(ISRTScriptDialogs.obs)
553  SelectDir                                          isrt.obl(ISRTScriptDialogsPriv.obs)
554  SelectDirNoLog                                     isrt.obl(ISRTScriptDialogsPriv.obs)
555  SendMessage                                        isrt.obl(Misc.obs)
556  ServiceInitParams                                  isrt.obl(Service.obs)
557  SetCmdLine                                         isrt.obl(SysVars.obs)
558  SetDialogTitle                                     isrt.obl(Dialogs.obs)
559  SetDisplayEffect                                   isrt.obl(ui.obs)
560  SetExtendedErrInfo                                 isrt.obl(IsUtil.obs)
561  SetStatus                                          ifx.obl(EventsSetupPriv.obs)
562  SetStatusEx                                        ifx.obl(EventsSetupPriv.obs)
563  SetStatusExStaticText                              isrt.obl(ui.obs)
564  SetStatusWindow                                    isrt.obl(ui.obs)
565  SetTitle                                           isrt.obl(ui.obs)
566  SetupTraceWrite                                    isrt.obl(Misc.obs)
567  Shell32.ShellExecuteExW                            Setup.obs
568  ShowObjWizardPages                                 isrt.obl(Objects.obs)
569  ShowWizardPages                                    isrt.obl(Driver.obs)
570  SilentCreateFile                                   isrt.obl(Silent.obs)
571  SilentDoGeneralInfo                                isrt.obl(Silent.obs)
572  SilentFailed                                       isrt.obl(Silent.obs)
573  SilentFinish                                       isrt.obl(Silent.obs)
574  SilentInit                                         isrt.obl(Silent.obs)
575  SilentLogWriteData                                 isrt.obl(Silent.obs)
576  SilentReadData                                     isrt.obl(Silent.obs)
577  SilentSetInfo                                      isrt.obl(Silent.obs)
578  SilentSetMode                                      isrt.obl(Silent.obs)
579  SilentWriteData                                    isrt.obl(Silent.obs)
580  Sprintf                                            isrt.obl(Str.obs)
581  SprintfBox                                         isrt.obl(ISRTScriptDialogsPriv.obs)
582  StatusUpdate                                       isrt.obl(ui.obs)
583  StrAddLastSlash                                    isrt.obl(Str.obs)
584  StrConvertSizeUnit                                 isrt.obl(Str.obs)
585  StrFindEx                                          isrt.obl(Str.obs)
586  StrGetTokens                                       isrt.obl(Str.obs)
587  StrLength                                          isrt.obl(Str.obs)
588  StrRemoveLastSlash                                 isrt.obl(Str.obs)
589  StrReplace                                         isrt.obl(Str.obs)
590  StrToNumHex                                        isrt.obl(Str.obs)
591  StrToUpper                                         isrt.obl(Str.obs)
592  StrTrim                                            isrt.obl(Str.obs)
593  SuiteLogInfo                                       isrt.obl(SuiteWrappers.obs)
594  SuiteReportError                                   isrt.obl(SuiteWrappers.obs)
595  SysVarsInit                                        isrt.obl(SysVars.obs)
596  SysVarsTrace                                       isrt.obl(SysVars.obs)
597  SysVarsUnInit                                      isrt.obl(SysVars.obs)
598  System                                             isrt.obl(Misc.obs)
599  SystemRestoreCancelRestorePointIS                  isrt.obl(PCRestore.obs)
600  SystemRestoreCloseRestorePointIS                   isrt.obl(PCRestore.obs)
601  SystemRestoreDisableIS                             isrt.obl(PCRestore.obs)
602  SystemRestoreIsEnabledIS                           isrt.obl(PCRestore.obs)
603  SystemRestoreOpenRestorePointIS                    isrt.obl(PCRestore.obs)
604  TextSubGetValue                                    isrt.obl(TextSub.obs)
605  TextSubParseTextSub                                isrt.obl(TextSub.obs)
606  TextSubSetValue                                    isrt.obl(TextSub.obs)
607  TextSubSubstitute                                  isrt.obl(TextSub.obs)
608  TreeViewCreate                                     isrt.obl(CmptView.obs)
609  USER.EnableWindow                                  Setup.obs
610  USER.GetClassName                                  Setup.obs
611  USER.GetDC                                         Setup.obs
612  USER.GetDlgItem                                    Setup.obs
613  USER.GetFocus                                      Setup.obs
614  USER.GetWindowLong                                 Setup.obs
615  USER.GetWindowRect                                 Setup.obs
616  USER.IsIconic                                      Setup.obs
617  USER.IsWindow                                      Setup.obs
618  USER.PostMessage                                   Setup.obs
619  USER.ReleaseDC                                     Setup.obs
620  USER.SendMessageW                                  Setup.obs
621  USER.SetFocus                                      Setup.obs
622  USER.SetWindowPos                                  Setup.obs
623  USER.SetWindowText                                 Setup.obs
624  USER.ShowWindow                                    Setup.obs
625  USER32.CharUpperBuffW                              Setup.obs
626  USER32.DispatchMessage                             Setup.obs
627  USER32.GetDesktopWindow                            Setup.obs
628  USER32.GetSystemMetrics                            Setup.obs
629  USER32.GetWindowText                               Setup.obs
630  USER32.GetWindowTextLength                         Setup.obs
631  USER32.IsWindowVisible                             Setup.obs
632  USER32.MessageBoxW                                 Setup.obs
633  USER32.MsgWaitForMultipleObjects                   Setup.obs
634  USER32.PeekMessageW                                Setup.obs
635  USER32.SendMessageW                                Setup.obs
636  USER32.SetForegroundWindow                         Setup.obs
637  USER32.SetWindowLong                               Setup.obs
638  USER32.SetWindowRgn                                Setup.obs
639  USER32.TranslateMessage                            Setup.obs
640  USER32.WaitForInputIdle                            Setup.obs
641  UpdateServiceEnableUpdateService                   isrt.obl(ISUpdateService.obs)
642  VarInit                                            isrt.obl(SysVars.obs)
643  VarRestore                                         isrt.obl(SysVars.obs)
644  VarRestoreISRT                                     isrt.obl(SysVars.obs)
645  VarSave                                            isrt.obl(SysVars.obs)
646  VarSaveISRT                                        isrt.obl(SysVars.obs)
647  VerCompare                                         isrt.obl(version.obs)
648  VerProductCompareVersions                          isrt.obl(version.obs)
649  VerProductGetInstalledVersion                      isrt.obl(version.obs)
650  VerProductIsVersionSupported                       isrt.obl(version.obs)
651  VerProductNumToStr                                 isrt.obl(version.obs)
652  VerProductStrToNum                                 isrt.obl(version.obs)
653  VerProductVerFromVerParts                          isrt.obl(version.obs)
654  VerProductVerPartsFromVer                          isrt.obl(version.obs)
655  WaitForApplication                                 isrt.obl(Extend.obs)
656  WaitOnDialog                                       isrt.obl(CustomDialog.obs)
657  WizardDirection                                    ifx.obl(EventsSetupPriv.obs)
658  WriteLine                                          isrt.obl(Files.obs)
659  WriteProfInt                                       isrt.obl(Profile.obs)
660  WriteProfString                                    isrt.obl(Profile.obs)
661  WriteProperties                                    ifx.obl(PersistPropertyBag.obs)
662  __ISRTDoExit                                       isrt.obl(Misc.obs)
663  __ISRTInit                                         isrt.obl(ISRTInit.obs)
664  __ISRTRestoreMainLog                               isrt.obl(ISRTInit.obs)
665  __ISRTRestoreMainLogEx                             isrt.obl(ISRTInit.obs)
666  __ISRTSetComponentLog                              isrt.obl(ISRTInit.obs)
667  __ISRTUnInit                                       isrt.obl(ISRTInit.obs)
668  __LoadIScriptString                                isrt.obl(LoadStr.obs)
669  program                                            ifx.obl(EventsSetupPriv.obs)
670  sfc.SRSetRestorePointW                             Setup.obs


***** External Variables *****
1    ADDREMOVE                                          isrt.obl(DebugSymbols.obs)
2    ADDREMOVE_COMBINEDBUTTON                           Setup.obs
3    ADDREMOVE_HIDECHANGEOPTION                         Setup.obs
4    ADDREMOVE_HIDEREMOVEOPTION                         Setup.obs
5    ADDREMOVE_HIDEREPAIROPTION                         Setup.obs
6    ADDREMOVE_STRING_REMOVEONLY                        Setup.obs
7    ADDREMOVE_SYSTEMCOMPONENT                          Setup.obs
8    ADMINUSER                                          Setup.obs
9    ALLUSERS                                           Setup.obs
10   BASICMSI                                           isrt.obl(DebugSymbols.obs)
11   BATCH_INSTALL                                      Setup.obs
12   CMDLINE                                            isrt.obl(DebugSymbols.obs)
13   COMMONFILES                                        isrt.obl(DebugSymbols.obs)
14   COMMONFILES64                                      isrt.obl(DebugSymbols.obs)
15   DISABLE_ALLUSERBTN                                 Setup.obs
16   DISABLE_PERUSERBTN                                 Setup.obs
17   DISK1SETUPEXENAME                                  isrt.obl(DebugSymbols.obs)
18   DISK1TARGET                                        Setup.obs
19   ENABLED_ISERVICES                                  isrt.obl(DebugSymbols.obs)
20   ENGINECOMMONDIR                                    isrt.obl(DebugSymbols.obs)
21   ENGINEDIR                                          isrt.obl(DebugSymbols.obs)
22   ERRORFILENAME                                      Setup.obs
23   Err                                                Setup.obs
24   FILETIME                                           Setup.obs
25   FIND_DATAW                                         Setup.obs
26   FOLDER_APPDATA                                     isrt.obl(DebugSymbols.obs)
27   FOLDER_COMMON_APPDATA                              isrt.obl(DebugSymbols.obs)
28   FOLDER_DESKTOP                                     isrt.obl(DebugSymbols.obs)
29   FOLDER_DOTNET_10                                   isrt.obl(DebugSymbols.obs)
30   FOLDER_DOTNET_11                                   isrt.obl(DebugSymbols.obs)
31   FOLDER_DOTNET_20                                   isrt.obl(DebugSymbols.obs)
32   FOLDER_DOTNET_30                                   isrt.obl(DebugSymbols.obs)
33   FOLDER_DOTNET_35                                   isrt.obl(DebugSymbols.obs)
34   FOLDER_DOTNET_40                                   isrt.obl(DebugSymbols.obs)
35   FOLDER_FONTS                                       isrt.obl(DebugSymbols.obs)
36   FOLDER_LOCAL_APPDATA                               isrt.obl(DebugSymbols.obs)
37   FOLDER_PERSONAL                                    isrt.obl(DebugSymbols.obs)
38   FOLDER_PROGRAMS                                    isrt.obl(DebugSymbols.obs)
39   FOLDER_STARTMENU                                   isrt.obl(DebugSymbols.obs)
40   FOLDER_STARTUP                                     isrt.obl(DebugSymbols.obs)
41   FOLDER_TEMP                                        isrt.obl(DebugSymbols.obs)
42   FileRegistrar                                      Setup.obs
43   HIDE_DISABLED_BTNS                                 Setup.obs
44   HKEYCURRENTROOTKEY                                 Setup.obs
45   IFX_COMPANY_NAME                                   Setup.obs
46   IFX_DISK1INSTALLED                                 Setup.obs
47   IFX_INITIALIZED                                    Setup.obs
48   IFX_INSTALLED_DISPLAY_VERSION                      Setup.obs
49   IFX_INSTALLED_VERSION                              Setup.obs
50   IFX_KEYPATH_PRODUCT_INFO                           Setup.obs
51   IFX_MULTI_INSTANCE_SUFFIX                          Setup.obs
52   IFX_OPEN_RESTORE_POINT                             isrt.obl(PCRestore.obs)
53   IFX_PRODUCT_COMMENTS                               Setup.obs
54   IFX_PRODUCT_DISPLAY_NAME                           Setup.obs
55   IFX_PRODUCT_DISPLAY_VERSION                        Setup.obs
56   IFX_PRODUCT_ICON                                   Setup.obs
57   IFX_PRODUCT_KEY                                    Setup.obs
58   IFX_PRODUCT_NAME                                   Setup.obs
59   IFX_PRODUCT_README                                 Setup.obs
60   IFX_PRODUCT_REGISTEREDCOMPANY                      Setup.obs
61   IFX_PRODUCT_REGISTEREDOWNER                        Setup.obs
62   IFX_PRODUCT_REGISTEREDSERIALNUM                    Setup.obs
63   IFX_PRODUCT_SUPPORT_CONTACT                        Setup.obs
64   IFX_PRODUCT_SUPPORT_PHONE                          Setup.obs
65   IFX_PRODUCT_SUPPORT_URL                            Setup.obs
66   IFX_PRODUCT_UPDATE_URL                             Setup.obs
67   IFX_PRODUCT_URL                                    Setup.obs
68   IFX_PRODUCT_VERSION                                Setup.obs
69   IFX_RESTORE_DISABLED                               isrt.obl(PCRestore.obs)
70   IFX_SETUP_TITLE                                    Setup.obs
71   IFX_SUPPORTED_VERSIONS                             Setup.obs
72   IISROOTFOLDER                                      isrt.obl(DebugSymbols.obs)
73   INSTALLSCRIPTMSI                                   isrt.obl(DebugSymbols.obs)
74   INSTALLSCRIPTMSIEEUI                               isrt.obl(DebugSymbols.obs)
75   INSTANCE_GUID                                      isrt.obl(DebugSymbols.obs)
76   ISDIFXAPPID                                        Setup.obs
77   ISRES                                              isrt.obl(DebugSymbols.obs)
78   ISUSER                                             isrt.obl(DebugSymbols.obs)
79   ISUTIL_FUNCTION_ACTUAL_ERROR                       Setup.obs
80   ISUTIL_LINE_NUMBER                                 Setup.obs
81   ISUTIL_SCRIPT_FILE                                 Setup.obs
82   ISVERSION                                          isrt.obl(DebugSymbols.obs)
83   IS_NULLSTR_PTR                                     Setup.obs
84   InetSRCDIR                                         Setup.obs
85   LAAW_PARAMETERS                                    Setup.obs
86   LAAW_PROCESS_INFORMATION                           Setup.obs
87   LAAW_SHELLEXECUTEINFO                              Setup.obs
88   LAAW_SHELLEXECUTEVERB                              Setup.obs
89   LAAW_STARTUPINFO                                   Setup.obs
90   LAST_RESULT                                        Setup.obs
91   LogDB                                              Setup.obs
92   MAINTENANCE                                        isrt.obl(DebugSymbols.obs)
93   MAINT_OPTION                                       isrt.obl(DebugSymbols.obs)
94   MEDIA                                              Setup.obs
95   MEDIA_INFO                                         isrt.obl(Feature.obs)
96   MODE                                               Setup.obs
97   MSG                                                Setup.obs
98   MULTI_INSTANCE_COUNT                               isrt.obl(DebugSymbols.obs)
99   MainWindow                                         Setup.obs
100  NOTHING                                            Setup.obs
101  OSINFO_PLATFORM_INFO                               Setup.obs
102  OSINFO_PROCESSOR_INFO                              Setup.obs
103  OSVERSIONINFOEXW                                   Setup.obs
104  OSVERSIONINFOW                                     Setup.obs
105  Objects                                            Setup.obs
106  PACKAGE_LOCATION                                   isrt.obl(DebugSymbols.obs)
107  POINT                                              Setup.obs
108  PRIVILEGED                                         Setup.obs
109  PROCESS_INFORMATION                                Setup.obs
110  PRODUCT_GUID                                       isrt.obl(DebugSymbols.obs)
111  PROGRAMFILES                                       isrt.obl(DebugSymbols.obs)
112  PROGRAMFILES64                                     isrt.obl(DebugSymbols.obs)
113  RECT                                               Setup.obs
114  REGDB_OPTIONS                                      Setup.obs
115  REINSTALLMODE                                      isrt.obl(DebugSymbols.obs)
116  REMOVEALLMODE                                      isrt.obl(DebugSymbols.obs)
117  REMOVEONLY                                         isrt.obl(DebugSymbols.obs)
118  RUN_ONCE_PROGRAM                                   isrt.obl(DebugSymbols.obs)
119  Reboot                                             Setup.obs
120  SELECTED_LANGUAGE                                  isrt.obl(DebugSymbols.obs)
121  SERVICE_IS_PARAMS                                  Setup.obs
122  SETUPTYPE_STR_COMPACT                              Setup.obs
123  SETUPTYPE_STR_COMPLETE                             Setup.obs
124  SETUPTYPE_STR_CUSTOM                               Setup.obs
125  SETUPTYPE_STR_TYPICAL                              Setup.obs
126  SHAREDSUPPORTDIR                                   isrt.obl(DebugSymbols.obs)
127  SHELLEXECUTEINFOW                                  Setup.obs
128  SHELL_OBJECT_FOLDER                                Setup.obs
129  SHOW_PASSWORD_DIALOG                               isrt.obl(DebugSymbols.obs)
130  SRCDIR                                             Setup.obs
131  SRCDISK                                            isrt.obl(DebugSymbols.obs)
132  STANDARD_SELECTED_LANGUAGE                         isrt.obl(DebugSymbols.obs)
133  STARTUPINFOW                                       Setup.obs
134  SUITE_HOSTED                                       isrt.obl(DebugSymbols.obs)
135  SUPPORTDIR                                         isrt.obl(DebugSymbols.obs)
136  SYSINFO                                            Setup.obs
137  SYSPROCESSORINFO                                   Setup.obs
138  SYSTEMTIME                                         Setup.obs
139  SetupInfo                                          Setup.obs
140  StatusDlg                                          Setup.obs
141  SuiteHost                                          Setup.obs
142  TARGETDIR                                          Setup.obs
143  TARGETDISK                                         isrt.obl(DebugSymbols.obs)
144  TextSub                                            Setup.obs
145  UNINST                                             Setup.obs
146  UNINSTALLKEY                                       Setup.obs
147  UNINSTALL_DISPLAYNAME                              Setup.obs
148  UNINSTALL_STRING                                   Setup.obs
149  UPDATEMODE                                         Setup.obs
150  WINDIR                                             isrt.obl(DebugSymbols.obs)
151  WINDISK                                            isrt.obl(DebugSymbols.obs)
152  WINSYSDIR                                          isrt.obl(DebugSymbols.obs)
153  WINSYSDIR64                                        isrt.obl(DebugSymbols.obs)
154  WINSYSDISK                                         isrt.obl(DebugSymbols.obs)
155  _FONTFILEINFO                                      Setup.obs
156  _INT64                                             Setup.obs
157  _ISDIFXINSTALLERINFO                               isrt.obl(ISDIFx.obs)
158  _LAAW_PARAMETERS                                   Setup.obs
159  _LAAW_TEMP_DATA                                    isrt.obl(Extend.obs)
160  _RESTOREPOINTINFO                                  Setup.obs
161  _SERVICE_IS_PARAMS                                 Setup.obs
162  _STATEMGRSTATUS                                    Setup.obs
163  _WIN9X                                             Setup.obs
164  _WINNT                                             Setup.obs
165  __hContext                                         Setup.obs
166  __objGlobalTextSub                                 Setup.obs
167  __szGUID                                           Setup.obs
168  bBackButton                                        Setup.obs
169  bCancelButton                                      Setup.obs
170  bEnterDiskBeep                                     Setup.obs
171  bFinishButton                                      Setup.obs
172  bIFXLFNoToAll                                      Setup.obs
173  bIFXLFOnRebootToAll                                Setup.obs
174  bIFXLFYesToAll                                     Setup.obs
175  bIFXMD5IgnoreToAll                                 Setup.obs
176  bIFXRONoToAll                                      Setup.obs
177  bIFXROYesToAll                                     Setup.obs
178  bIFXSFNoToAll                                      Setup.obs
179  bIFXSFYesToAll                                     Setup.obs
180  bInstall16                                         Setup.obs
181  bNextButton                                        Setup.obs
182  bSdInit                                            Setup.obs
183  bViewCmptKunits                                    Setup.obs
184  bViewCmptUseDecimal                                Setup.obs
185  g_bSuppressMissingStringWarning                    isrt.obl(Enable.obs)
186  nDlgEnterPassword                                  Setup.obs
187  nDlgMessageBox                                     Setup.obs
188  nDlgSelectDir                                      Setup.obs
189  nDlgSprintfBox                                     Setup.obs
190  nSdComponentTree                                   Setup.obs
191  nSdFinish                                          Setup.obs
192  nSdFinishReboot                                    Setup.obs
193  nSdStartCopy2                                      Setup.obs
194  nSdWelcome                                         Setup.obs
195  nSdWelcomeMaint                                    Setup.obs
196  szAppKey                                           Setup.obs
197  szSdProduct                                        Setup.obs
198  szSdStr_NotEnoughSpace                             Setup.obs
